Error: Function 'multiply' expects 2 arguments but got 1
